// Vitest Snapshot v1, https://vitest.dev/guide/snapshot.html

exports[`projecting the 3D folded state > emits the whole stream for a two-face figure 1`] = `
[
  {
    "color": [
      255,
      255,
      255,
      255,
    ],
    "kind": "fill_path",
    "points": [
      [
        282.842712,
        -65.710137,
      ],
      [
        -282.842712,
        -65.710137,
      ],
      [
        -0,
        165.178256,
      ],
    ],
    "sequence": 0,
  },
  {
    "color": [
      0,
      0,
      0,
      255,
    ],
    "kind": "stroke_path",
    "points": [
      [
        -0,
        165.178256,
      ],
      [
        282.842712,
        -65.710137,
      ],
    ],
    "sequence": 1,
  },
  {
    "color": [
      0,
      0,
      0,
      255,
    ],
    "kind": "stroke_path",
    "points": [
      [
        -282.842712,
        -65.710137,
      ],
      [
        -0,
        165.178256,
      ],
    ],
    "sequence": 2,
  },
  {
    "color": [
      239,
      239,
      48,
      255,
    ],
    "kind": "fill_path",
    "points": [
      [
        0,
        97.662291,
      ],
      [
        -282.842712,
        -65.710137,
      ],
      [
        282.842712,
        -65.710137,
      ],
    ],
    "sequence": 3,
  },
  {
    "color": [
      0,
      0,
      0,
      255,
    ],
    "kind": "stroke_path",
    "points": [
      [
        282.842712,
        -65.710137,
      ],
      [
        0,
        97.662291,
      ],
    ],
    "sequence": 4,
  },
  {
    "color": [
      0,
      0,
      0,
      255,
    ],
    "kind": "stroke_path",
    "points": [
      [
        0,
        97.662291,
      ],
      [
        -282.842712,
        -65.710137,
      ],
    ],
    "sequence": 5,
  },
  {
    "color": [
      0,
      0,
      0,
      255,
    ],
    "kind": "stroke_path",
    "points": [
      [
        282.842712,
        -65.710137,
      ],
      [
        -282.842712,
        -65.710137,
      ],
    ],
    "sequence": 6,
  },
]
`;
